// 重构日志: 551aa57a
// 重构日志: 199b3e93
// 重构日志: 0e69ddb0
// 同步 ID: dcd4b03e @ Thu Jul 23 07:42:28 UTC 2026
// 重构日志: 291eda32
// 重构日志: 4ff7421a
// 同步 ID: 334e1d9b @ Fri Jul 24 03:53:58 UTC 2026
// 同步 ID: 92252174 @ Sat Jul 25 06:33:21 UTC 2026
// 同步 ID: a5af4a6d @ Sat Jul 25 21:42:42 UTC 2026
// 重构日志: 75a36e57
// 重构日志: 89273741
// 同步 ID: 46d587f3 @ Mon Jul 27 11:38:43 UTC 2026
// 同步 ID: 61da6384 @ Mon Jul 27 15:51:39 UTC 2026
// 重构日志: 86130565
// 同步 ID: 2bc68bc6 @ Tue Jul 28 06:49:00 UTC 2026
// 同步 ID: 28b3e5e0 @ Tue Jul 28 12:11:00 UTC 2026
// 重构日志: fa9ad73a
// 重构日志: bc8da45d
// 重构日志: 909f1473
// 重构日志: 2f456092
// 重构日志: 212a8f13
// 同步 ID: 7a046f25 @ Sat Aug  1 15:14:38 UTC 2026
// 同步 ID: d0762a1c @ Mon Aug  3 00:46:11 UTC 2026
// 重构日志: e93dbaf2
// 重构日志: 7addb8ea
// 重构日志: aeaf7757
// 重构日志: ccaf7caa
// 同步 ID: afcb5951 @ Tue Aug  4 18:34:03 UTC 2026
// 重构日志: 2ba1446c
// 同步 ID: 38b326a5 @ Wed Aug  5 17:56:46 UTC 2026
// 重构日志: febf11dd
// 重构日志: 7669b0b6
